[01:05:58] acquired lease 540c1ae9-9c94-47d7-bf8c-c3eb768a24e1 (baseline 6544 MiB)
[01:07:19] gear/weapon_common done in 81.4s -> ['C:\\Users\\BigB\\Documents\\comfy\\ComfyUI\\output\\clicker\\gear\\weapon_common_00001_.png'] (success)
[01:08:28] gear/weapon_rare done in 69.3s -> ['C:\\Users\\BigB\\Documents\\comfy\\ComfyUI\\output\\clicker\\gear\\weapon_rare_00001_.png'] (success)
[01:09:18] gear/weapon_epic done in 49.2s -> ['C:\\Users\\BigB\\Documents\\comfy\\ComfyUI\\output\\clicker\\gear\\weapon_epic_00001_.png'] (success)
[01:09:45] gear/weapon_legendary done in 27.3s -> ['C:\\Users\\BigB\\Documents\\comfy\\ComfyUI\\output\\clicker\\gear\\weapon_legendary_00001_.png'] (success)
[01:10:11] gear/weapon_cosmic done in 26.1s -> ['C:\\Users\\BigB\\Documents\\comfy\\ComfyUI\\output\\clicker\\gear\\weapon_cosmic_00001_.png'] (success)
[01:10:36] gear/armor_common done in 25.1s -> ['C:\\Users\\BigB\\Documents\\comfy\\ComfyUI\\output\\clicker\\gear\\armor_common_00001_.png'] (success)
[01:11:01] gear/armor_rare done in 25.1s -> ['C:\\Users\\BigB\\Documents\\comfy\\ComfyUI\\output\\clicker\\gear\\armor_rare_00001_.png'] (success)
[01:11:26] gear/armor_epic done in 24.4s -> ['C:\\Users\\BigB\\Documents\\comfy\\ComfyUI\\output\\clicker\\gear\\armor_epic_00001_.png'] (success)
[01:11:51] gear/armor_legendary done in 25.1s -> ['C:\\Users\\BigB\\Documents\\comfy\\ComfyUI\\output\\clicker\\gear\\armor_legendary_00001_.png'] (success)
[01:12:17] gear/armor_cosmic done in 26.2s -> ['C:\\Users\\BigB\\Documents\\comfy\\ComfyUI\\output\\clicker\\gear\\armor_cosmic_00001_.png'] (success)
[01:12:46] gear/amulet_common done in 28.5s -> ['C:\\Users\\BigB\\Documents\\comfy\\ComfyUI\\output\\clicker\\gear\\amulet_common_00001_.png'] (success)
[01:13:14] gear/amulet_rare done in 28.3s -> ['C:\\Users\\BigB\\Documents\\comfy\\ComfyUI\\output\\clicker\\gear\\amulet_rare_00001_.png'] (success)
[01:13:41] gear/amulet_epic done in 27.2s -> ['C:\\Users\\BigB\\Documents\\comfy\\ComfyUI\\output\\clicker\\gear\\amulet_epic_00001_.png'] (success)
[01:14:08] gear/amulet_legendary done in 26.4s -> ['C:\\Users\\BigB\\Documents\\comfy\\ComfyUI\\output\\clicker\\gear\\amulet_legendary_00001_.png'] (success)
[01:14:39] gear/amulet_cosmic done in 31.1s -> ['C:\\Users\\BigB\\Documents\\comfy\\ComfyUI\\output\\clicker\\gear\\amulet_cosmic_00001_.png'] (success)
[01:15:11] gear/relic_common done in 32.2s -> ['C:\\Users\\BigB\\Documents\\comfy\\ComfyUI\\output\\clicker\\gear\\relic_common_00001_.png'] (success)
[01:15:38] gear/relic_rare done in 27.2s -> ['C:\\Users\\BigB\\Documents\\comfy\\ComfyUI\\output\\clicker\\gear\\relic_rare_00001_.png'] (success)
[01:16:06] gear/relic_epic done in 27.1s -> ['C:\\Users\\BigB\\Documents\\comfy\\ComfyUI\\output\\clicker\\gear\\relic_epic_00001_.png'] (success)
[01:16:31] gear/relic_legendary done in 25.5s -> ['C:\\Users\\BigB\\Documents\\comfy\\ComfyUI\\output\\clicker\\gear\\relic_legendary_00001_.png'] (success)
[01:17:27] gear/relic_cosmic done in 55.6s -> ['C:\\Users\\BigB\\Documents\\comfy\\ComfyUI\\output\\clicker\\gear\\relic_cosmic_00001_.png'] (success)
